珠江卫视,http://cdnrrs.gx.chinamobile.com/PLTV/77777777/224/3221225717/index.m3u8?servicetype=1
兵团卫视,http://cdnrrs.gx.chinamobile.com/PLTV/77777777/224/3221225795/index.m3u8?servicetype=1
纪录频道,http://cdnrrs.gx.chinamobile.com/PLTV/77777777/224/3221225707/index.m3u8?servicetype=1
北京纪实,http://cdnrrs.gx.chinamobile.com/PLTV/77777777/224/3221225995/index.m3u8?servicetype=1
香港台,http://cdnrrs.gx.chinamobile.com/PLTV/77777777/224/3221226321/index.m3u8?servicetype=1
凤凰卫视资讯台,http://cdnrrs.gx.chinamobile.com/PLTV/77777777/224/3221226324/index.m3u8?servicetype=1
广西都市,http://cdnrrs.gx.chinamobile.com/PLTV/77777777/224/3221226335/index.m3u8?servicetype=1
广西影视,http://cdnrrs.gx.chinamobile.com/PLTV/77777777/224/3221226336/index.m3u8?servicetype=1
广西移动,http://cdnrrs.gx.chinamobile.com/PLTV/77777777/224/3221226338/index.m3u8?servicetype=1
广西综艺旅游,http://cdnrrs.gx.chinamobile.com/PLTV/77777777/224/3221226409/index.m3u8?servicetype=1
南宁文旅,http://cdnrrs.gx.chinamobile.com/PLTV/77777777/224/3221226344/index.m3u8?servicetype=1
百色综合,http://cdnrrs.gx.chinamobile.com/PLTV/77777777/224/3221226353/index.m3u8?servicetype=1
玉林新闻综合,http://cdnrrs.gx.chinamobile.com/PLTV/77777777/224/3221226354/index.m3u8?servicetype=1
柳州新闻综合,http://cdnrrs.gx.chinamobile.com/PLTV/77777777/224/3221226348/index.m3u8?servicetype=1
柳州科教,http://cdnrrs.gx.chinamobile.com/PLTV/77777777/224/3221226434/index.m3u8?servicetype=1
河池新闻综合,http://cdnrrs.gx.chinamobile.com/PLTV/77777777/224/3221226356/index.m3u8?servicetype=1
梧州新闻综合,http://cdnrrs.gx.chinamobile.com/PLTV/77777777/224/3221226349/index.m3u8?servicetype=1
梧州教育生活,http://cdnrrs.gx.chinamobile.com/PLTV/77777777/224/3221226444/index.m3u8?servicetype=1
桂林新闻综合,http://cdnrrs.gx.chinamobile.com/PLTV/77777777/224/3221226343/index.m3u8?servicetype=1
桂林科教旅游,http://cdnrrs.gx.chinamobile.com/PLTV/77777777/224/3221226339/index.m3u8?servicetype=1
贵港新闻综合,http://cdnrrs.gx.chinamobile.com/PLTV/77777777/224/3221226345/index.m3u8?servicetype=1
贵港科教生活,http://cdnrrs.gx.chinamobile.com/PLTV/77777777/224/3221226424/index.m3u8?servicetype=1
钦州新闻综合,http://cdnrrs.gx.chinamobile.com/PLTV/77777777/224/3221226347/index.m3u8?servicetype=1
嘉佳卡通,http://cdnrrs.gx.chinamobile.com/PLTV/77777777/224/3221225797/index.m3u8?servicetype=1
精品萌宠,http://cdnrrs.gx.chinamobile.com/PLTV/77777777/224/3221225979/index.m3u8?servicetype=1
黑莓电影,http://cdnrrs.gx.chinamobile.com/PLTV/77777777/224/3221225740/index.m3u8?servicetype=1
黑莓动画,http://cdnrrs.gx.chinamobile.com/PLTV/77777777/224/3221225710/index.m3u8?servicetype=1
动作电影,http://cdnrrs.gx.chinamobile.com/PLTV/77777777/224/3221225703/index.m3u8?servicetype=1
热播精选,http://cdnrrs.gx.chinamobile.com/PLTV/77777777/224/3221225763/index.m3u8?servicetype=1
爱情喜剧,http://cdnrrs.gx.chinamobile.com/PLTV/77777777/224/3221225698/index.m3u8?servicetype=1
精品大剧,http://cdnrrs.gx.chinamobile.com/PLTV/77777777/224/3221225737/index.m3u8?servicetype=1
中国功夫,http://cdnrrs.gx.chinamobile.com/PLTV/77777777/224/3221225690/index.m3u8?servicetype=1
军事评论,http://cdnrrs.gx.chinamobile.com/PLTV/77777777/224/3221225749/index.m3u8?servicetype=1
农业致富,http://cdnrrs.gx.chinamobile.com/PLTV/77777777/224/3221225687/index.m3u8?servicetype=1
精品体育,http://cdnrrs.gx.chinamobile.com/PLTV/77777777/224/3221225724/index.m3u8?servicetype=1
炫舞未来,http://cdnrrs.gx.chinamobile.com/PLTV/77777777/224/3221225973/index.m3u8?servicetype=1
CCTV4K,http://cdnrrs.gx.chinamobile.com/PLTV/77777777/224/3221226689/index.m3u8?servicetype=1
咪咕4K,http://cdnrrs.gx.chinamobile.com/PLTV/77777777/224/3221225863/index.m3u8?servicetype=1
河北4K,https://event.pull.hebtv.com:443/live/live101.m3u8
苏州4K,https://tylive.kan0512.com/norecord/csztv4k_4k.m3u8
苏州4K,https://live-auth.51kandianshi.com/szgd/csztv4k_hd.m3u8
人间卫视,http://61.216.67.119:1935/bltvhd/bltv1/chunklist_w1266569526.m3u
民视新闻台,http://38.64.72.148:80/hls/modn/list/4012/chunklist1.m3u8
TVBS亚洲台,http://38.64.72.148:80/hls/modn/list/4005/chunklist1.m3u8
环球电视台,http://utv1.hqtvzb.com:9999/hls/world.m3u8
Movies Kingdom,https://moviesphereuk-samsunguk.amagi.tv/playlist.m3u8
新加坡亚洲新闻,https://d2e1asnsl7br7b.cloudfront.net/7782e205e72f43aeb4a48ec97f66ebbe/index_4.m3u8
咪视界1,http://cdnrrs.gx.chinamobile.com/PLTV/77777777/224/3221225771/index.m3u8?servicetype=1
咪视界2,http://cdnrrs.gx.chinamobile.com/PLTV/77777777/224/3221225774/index.m3u8?servicetype=1
咪视界3,http://cdnrrs.gx.chinamobile.com/PLTV/77777777/224/3221225777/index.m3u8?servicetype=1
咪视界4,http://cdnrrs.gx.chinamobile.com/PLTV/77777777/224/3221225780/index.m3u8?servicetype=1
咪视界5,http://cdnrrs.gx.chinamobile.com/PLTV/77777777/224/3221225783/index.m3u8?servicetype=1
咪视界6,http://cdnrrs.gx.chinamobile.com/PLTV/77777777/224/3221225786/index.m3u8?servicetype=1
咪视界7,http://cdnrrs.gx.chinamobile.com/PLTV/77777777/224/3221225792/index.m3u8?servicetype=1
咪视界8,http://cdnrrs.gx.chinamobile.com/PLTV/77777777/224/3221225793/index.m3u8?servicetype=1
咪视界9,http://cdnrrs.gx.chinamobile.com/PLTV/77777777/224/3221225796/index.m3u8?servicetype=1
咪视界10,http://cdnrrs.gx.chinamobile.com/PLTV/77777777/224/3221225799/index.m3u8?servicetype=1
咪视界11,http://cdnrrs.gx.chinamobile.com/PLTV/77777777/224/3221225802/index.m3u8?servicetype=1
咪视界12,http://cdnrrs.gx.chinamobile.com/PLTV/77777777/224/3221225805/index.m3u8?servicetype=1
咪视界13,http://cdnrrs.gx.chinamobile.com/PLTV/77777777/224/3221225808/index.m3u8?servicetype=1
咪视界14,http://cdnrrs.gx.chinamobile.com/PLTV/77777777/224/3221225811/index.m3u8?servicetype=1
咪视界15,http://cdnrrs.gx.chinamobile.com/PLTV/77777777/224/3221225814/index.m3u8?servicetype=1
咪视界16,http://cdnrrs.gx.chinamobile.com/PLTV/77777777/224/3221225817/index.m3u8?servicetype=1
咪视界17,http://cdnrrs.gx.chinamobile.com/PLTV/77777777/224/3221225820/index.m3u8?servicetype=1
咪视界18,http://cdnrrs.gx.chinamobile.com/PLTV/77777777/224/3221225834/index.m3u8?servicetype=1
咪视界19,http://cdnrrs.gx.chinamobile.com/PLTV/77777777/224/3221225837/index.m3u8?servicetype=1
咪视界20,http://cdnrrs.gx.chinamobile.com/PLTV/77777777/224/3221225839/index.m3u8?servicetype=1
咪视界21,http://cdnrrs.gx.chinamobile.com/PLTV/77777777/224/3221225848/index.m3u8?servicetype=1
咪视界22,http://cdnrrs.gx.chinamobile.com/PLTV/77777777/224/3221225850/index.m3u8?servicetype=1
咪视界23,http://cdnrrs.gx.chinamobile.com/PLTV/77777777/224/3221225851/index.m3u8?servicetype=1
咪视界24,http://cdnrrs.gx.chinamobile.com/PLTV/77777777/224/3221225853/index.m3u8?servicetype=1
咪视界25,http://cdnrrs.gx.chinamobile.com/PLTV/77777777/224/3221225854/index.m3u8?servicetype=1
咪视界26,http://cdnrrs.gx.chinamobile.com/PLTV/77777777/224/3221225857/index.m3u8?servicetype=1
咪视界27,http://cdnrrs.gx.chinamobile.com/PLTV/77777777/224/3221225860/index.m3u8?servicetype=1
咪视界28,http://cdnrrs.gx.chinamobile.com/PLTV/77777777/224/3221225893/index.m3u8?servicetype=1
咪视界29,http://cdnrrs.gx.chinamobile.com/PLTV/77777777/224/3221225896/index.m3u8?servicetype=1
