Name: CCTV-1, URL: http://cdnrrs.gx.chinamobile.com/PLTV/77777777/224/3221225934/index.m3u8?servicetype=1, From: subscribe, IPv_Type: ipv6, Location: 中国, ISP: 中国移动, Date: None, Delay: -1 ms, Speed: 0.00 M/s, Resolution: None
Name: CCTV-2, URL: http://cdnrrs.gx.chinamobile.com/PLTV/77777777/224/3221225948/index.m3u8?servicetype=1, From: subscribe, IPv_Type: ipv6, Location: 中国, ISP: 中国移动, Date: None, Delay: -1 ms, Speed: 0.00 M/s, Resolution: None
Name: CCTV-3, URL: http://cdnrrs.gx.chinamobile.com/PLTV/77777777/224/3221225916/index.m3u8?servicetype=1, From: subscribe, IPv_Type: ipv6, Location: 中国, ISP: 中国移动, Date: None, Delay: -1 ms, Speed: 0.00 M/s, Resolution: None
Name: CCTV-4, URL: http://cdnrrs.gx.chinamobile.com/PLTV/77777777/224/3221225922/index.m3u8?servicetype=1, From: subscribe, IPv_Type: ipv6, Location: 中国, ISP: 中国移动, Date: None, Delay: -1 ms, Speed: 0.00 M/s, Resolution: None
Name: CCTV-5, URL: http://cdnrrs.gx.chinamobile.com/PLTV/77777777/224/3221225801/index.m3u8?servicetype=1, From: subscribe, IPv_Type: ipv6, Location: 中国, ISP: 中国移动, Date: None, Delay: -1 ms, Speed: 0.00 M/s, Resolution: None
Name: CCTV-5+, URL: http://cdnrrs.gx.chinamobile.com/PLTV/77777777/224/3221225998/index.m3u8?servicetype=1, From: subscribe, IPv_Type: ipv6, Location: 中国, ISP: 中国移动, Date: None, Delay: -1 ms, Speed: 0.00 M/s, Resolution: None
Name: CCTV-6, URL: http://cdnrrs.gx.chinamobile.com/PLTV/77777777/224/3221225936/index.m3u8?servicetype=1, From: subscribe, IPv_Type: ipv6, Location: 中国, ISP: 中国移动, Date: None, Delay: -1 ms, Speed: 0.00 M/s, Resolution: None
Name: CCTV-7, URL: http://cdnrrs.gx.chinamobile.com/PLTV/77777777/224/3221225892/index.m3u8?servicetype=1, From: subscribe, IPv_Type: ipv6, Location: 中国, ISP: 中国移动, Date: None, Delay: -1 ms, Speed: 0.00 M/s, Resolution: None
Name: CCTV-8, URL: http://cdnrrs.gx.chinamobile.com/PLTV/77777777/224/3221226001/index.m3u8?servicetype=1, From: subscribe, IPv_Type: ipv6, Location: 中国, ISP: 中国移动, Date: None, Delay: -1 ms, Speed: 0.00 M/s, Resolution: None
Name: CCTV-9, URL: http://cdnrrs.gx.chinamobile.com/PLTV/77777777/224/3221225939/index.m3u8?servicetype=1, From: subscribe, IPv_Type: ipv6, Location: 中国, ISP: 中国移动, Date: None, Delay: -1 ms, Speed: 0.00 M/s, Resolution: None
Name: CCTV-10, URL: http://cdnrrs.gx.chinamobile.com/PLTV/77777777/224/3221226004/index.m3u8?servicetype=1, From: subscribe, IPv_Type: ipv6, Location: 中国, ISP: 中国移动, Date: None, Delay: -1 ms, Speed: 0.00 M/s, Resolution: None
Name: CCTV-11, URL: http://cdnrrs.gx.chinamobile.com/PLTV/77777777/224/3221225895/index.m3u8?servicetype=1, From: subscribe, IPv_Type: ipv6, Location: 中国, ISP: 中国移动, Date: None, Delay: -1 ms, Speed: 0.00 M/s, Resolution: None
Name: CCTV-12, URL: http://cdnrrs.gx.chinamobile.com/PLTV/77777777/224/3221226013/index.m3u8?servicetype=1, From: subscribe, IPv_Type: ipv6, Location: 中国, ISP: 中国移动, Date: None, Delay: -1 ms, Speed: 0.00 M/s, Resolution: None
Name: CCTV-13, URL: http://cdnrrs.gx.chinamobile.com/PLTV/77777777/224/3221226046/index.m3u8?servicetype=1, From: subscribe, IPv_Type: ipv6, Location: 中国, ISP: 中国移动, Date: None, Delay: -1 ms, Speed: 0.00 M/s, Resolution: None
Name: CCTV-14, URL: http://cdnrrs.gx.chinamobile.com/PLTV/77777777/224/3221225901/index.m3u8?servicetype=1, From: subscribe, IPv_Type: ipv6, Location: 中国, ISP: 中国移动, Date: None, Delay: -1 ms, Speed: 0.00 M/s, Resolution: None
Name: CCTV-15, URL: http://cdnrrs.gx.chinamobile.com/PLTV/77777777/224/3221225945/index.m3u8?servicetype=1, From: subscribe, IPv_Type: ipv6, Location: 中国, ISP: 中国移动, Date: None, Delay: -1 ms, Speed: 0.00 M/s, Resolution: None
Name: CCTV-16, URL: http://cdnrrs.gx.chinamobile.com/PLTV/77777777/224/3221225937/index.m3u8?servicetype=1, From: subscribe, IPv_Type: ipv6, Location: 中国, ISP: 中国移动, Date: None, Delay: -1 ms, Speed: 0.00 M/s, Resolution: None
Name: CCTV-17, URL: http://cdnrrs.gx.chinamobile.com/PLTV/77777777/224/3221225910/index.m3u8?servicetype=1, From: subscribe, IPv_Type: ipv6, Location: 中国, ISP: 中国移动, Date: None, Delay: -1 ms, Speed: 0.00 M/s, Resolution: None
Name: CETV-1, URL: http://cdnrrs.gx.chinamobile.com/PLTV/77777777/224/3221225776/index.m3u8?servicetype=1, From: subscribe, IPv_Type: ipv6, Location: 中国, ISP: 中国移动, Date: None, Delay: -1 ms, Speed: 0.00 M/s, Resolution: None
Name: CETV-2, URL: http://cdnrrs.gx.chinamobile.com/PLTV/77777777/224/3221225881/index.m3u8?servicetype=1, From: subscribe, IPv_Type: ipv6, Location: 中国, ISP: 中国移动, Date: None, Delay: -1 ms, Speed: 0.00 M/s, Resolution: None
Name: CETV-4, URL: http://cdnrrs.gx.chinamobile.com/PLTV/77777777/224/3221225723/index.m3u8?servicetype=1, From: subscribe, IPv_Type: ipv6, Location: 中国, ISP: 中国移动, Date: None, Delay: -1 ms, Speed: 0.00 M/s, Resolution: None
Name: 广西卫视, URL: http://cdnrrs.gx.chinamobile.com/PLTV/77777777/224/3221225767/index.m3u8?servicetype=1, From: subscribe, IPv_Type: ipv6, Location: 中国, ISP: 中国移动, Date: None, Delay: -1 ms, Speed: 0.00 M/s, Resolution: None
Name: 广东卫视, URL: http://cdnrrs.gx.chinamobile.com/PLTV/77777777/224/3221225913/index.m3u8?servicetype=1, From: subscribe, IPv_Type: ipv6, Location: 中国, ISP: 中国移动, Date: None, Delay: -1 ms, Speed: 0.00 M/s, Resolution: None
Name: 湖南卫视, URL: http://cdnrrs.gx.chinamobile.com/PLTV/77777777/224/3221225919/index.m3u8?servicetype=1, From: subscribe, IPv_Type: ipv6, Location: 中国, ISP: 中国移动, Date: None, Delay: -1 ms, Speed: 0.00 M/s, Resolution: None
Name: 湖南卫视, URL: http://hlsal-ldvt.qing.mgtv.com/nn_live/nn_x64/dWlwPTEyNy4wLjAuMSZ1aWQ9cWluZy1jbXMmbm5fdGltZXpvbmU9OCZjZG5leF9pZD1hbF9obHNfbGR2dCZ1dWlkPTliODY4NmU5ZTM2YzYwMmMmZT02OTE0NjA0JnY9MSZpZD1ITldTWkdTVCZzPTcwN2RiYTc2YzJjNmJmMTQ4MmUyZGYzOWU2NWM3YWFi/HNWSZGST.m3u8, From: subscribe, IPv_Type: ipv4, Location: 美国-加利福尼亚州-洛杉矶, ISP: Level3, Date: None, Delay: 2214 ms, Speed: 1.22 M/s, Resolution: 3840x2160
Name: 浙江卫视, URL: http://cdnrrs.gx.chinamobile.com/PLTV/77777777/224/3221225928/index.m3u8?servicetype=1, From: subscribe, IPv_Type: ipv6, Location: 中国, ISP: 中国移动, Date: None, Delay: -1 ms, Speed: 0.00 M/s, Resolution: None
Name: 北京卫视, URL: http://cdnrrs.gx.chinamobile.com/PLTV/77777777/224/3221225889/index.m3u8?servicetype=1, From: subscribe, IPv_Type: ipv6, Location: 中国, ISP: 中国移动, Date: None, Delay: -1 ms, Speed: 0.00 M/s, Resolution: None
Name: 江苏卫视, URL: http://cdnrrs.gx.chinamobile.com/PLTV/77777777/224/3221226025/index.m3u8?servicetype=1, From: subscribe, IPv_Type: ipv6, Location: 中国, ISP: 中国移动, Date: None, Delay: -1 ms, Speed: 0.00 M/s, Resolution: None
Name: 湖北卫视, URL: http://cdnrrs.gx.chinamobile.com/PLTV/77777777/224/3221225954/index.m3u8?servicetype=1, From: subscribe, IPv_Type: ipv6, Location: 中国, ISP: 中国移动, Date: None, Delay: -1 ms, Speed: 0.00 M/s, Resolution: None
Name: 安徽卫视, URL: http://cdnrrs.gx.chinamobile.com/PLTV/77777777/224/3221225886/index.m3u8?servicetype=1, From: subscribe, IPv_Type: ipv6, Location: 中国, ISP: 中国移动, Date: None, Delay: -1 ms, Speed: 0.00 M/s, Resolution: None
Name: 重庆卫视, URL: http://cdnrrs.gx.chinamobile.com/PLTV/77777777/224/3221225898/index.m3u8?servicetype=1, From: subscribe, IPv_Type: ipv6, Location: 中国, ISP: 中国移动, Date: None, Delay: -1 ms, Speed: 0.00 M/s, Resolution: None
Name: 东方卫视, URL: http://cdnrrs.gx.chinamobile.com/PLTV/77777777/224/3221225942/index.m3u8?servicetype=1, From: subscribe, IPv_Type: ipv6, Location: 中国, ISP: 中国移动, Date: None, Delay: -1 ms, Speed: 0.00 M/s, Resolution: None
Name: 东南卫视, URL: http://cdnrrs.gx.chinamobile.com/PLTV/77777777/224/3221225904/index.m3u8?servicetype=1, From: subscribe, IPv_Type: ipv6, Location: 中国, ISP: 中国移动, Date: None, Delay: -1 ms, Speed: 0.00 M/s, Resolution: None
Name: 甘肃卫视, URL: http://cdnrrs.gx.chinamobile.com/PLTV/77777777/224/3221225764/index.m3u8?servicetype=1, From: subscribe, IPv_Type: ipv6, Location: 中国, ISP: 中国移动, Date: None, Delay: -1 ms, Speed: 0.00 M/s, Resolution: None
Name: 贵州卫视, URL: http://cdnrrs.gx.chinamobile.com/PLTV/77777777/224/3221225770/index.m3u8?servicetype=1, From: subscribe, IPv_Type: ipv6, Location: 中国, ISP: 中国移动, Date: None, Delay: -1 ms, Speed: 0.00 M/s, Resolution: None
Name: 海南卫视, URL: http://cdnrrs.gx.chinamobile.com/PLTV/77777777/224/3221225752/index.m3u8?servicetype=1, From: subscribe, IPv_Type: ipv6, Location: 中国, ISP: 中国移动, Date: None, Delay: -1 ms, Speed: 0.00 M/s, Resolution: None
Name: 河北卫视, URL: http://cdnrrs.gx.chinamobile.com/PLTV/77777777/224/3221225773/index.m3u8?servicetype=1, From: subscribe, IPv_Type: ipv6, Location: 中国, ISP: 中国移动, Date: None, Delay: -1 ms, Speed: 0.00 M/s, Resolution: None
Name: 河南卫视, URL: http://cdnrrs.gx.chinamobile.com/PLTV/77777777/224/3221225806/index.m3u8?servicetype=1, From: subscribe, IPv_Type: ipv6, Location: 中国, ISP: 中国移动, Date: None, Delay: -1 ms, Speed: 0.00 M/s, Resolution: None
Name: 吉林卫视, URL: http://cdnrrs.gx.chinamobile.com/PLTV/77777777/224/3221225678/index.m3u8?servicetype=1, From: subscribe, IPv_Type: ipv6, Location: 中国, ISP: 中国移动, Date: None, Delay: -1 ms, Speed: 0.00 M/s, Resolution: None
Name: 江西卫视, URL: http://cdnrrs.gx.chinamobile.com/PLTV/77777777/224/3221225957/index.m3u8?servicetype=1, From: subscribe, IPv_Type: ipv6, Location: 中国, ISP: 中国移动, Date: None, Delay: -1 ms, Speed: 0.00 M/s, Resolution: None
Name: 辽宁卫视, URL: http://cdnrrs.gx.chinamobile.com/PLTV/77777777/224/3221226007/index.m3u8?servicetype=1, From: subscribe, IPv_Type: ipv6, Location: 中国, ISP: 中国移动, Date: None, Delay: -1 ms, Speed: 0.00 M/s, Resolution: None
Name: 内蒙古卫视, URL: http://cdnrrs.gx.chinamobile.com/PLTV/77777777/224/3221225751/index.m3u8?servicetype=1, From: subscribe, IPv_Type: ipv6, Location: 中国, ISP: 中国移动, Date: None, Delay: -1 ms, Speed: 0.00 M/s, Resolution: None
Name: 宁夏卫视, URL: http://cdnrrs.gx.chinamobile.com/PLTV/77777777/224/3221225782/index.m3u8?servicetype=1, From: subscribe, IPv_Type: ipv6, Location: 中国, ISP: 中国移动, Date: None, Delay: -1 ms, Speed: 0.00 M/s, Resolution: None
Name: 青海卫视, URL: http://cdnrrs.gx.chinamobile.com/PLTV/77777777/224/3221225705/index.m3u8?servicetype=1, From: subscribe, IPv_Type: ipv6, Location: 中国, ISP: 中国移动, Date: None, Delay: -1 ms, Speed: 0.00 M/s, Resolution: None
Name: 山东卫视, URL: http://cdnrrs.gx.chinamobile.com/PLTV/77777777/224/3221226010/index.m3u8?servicetype=1, From: subscribe, IPv_Type: ipv6, Location: 中国, ISP: 中国移动, Date: None, Delay: -1 ms, Speed: 0.00 M/s, Resolution: None
Name: 山西卫视, URL: http://cdnrrs.gx.chinamobile.com/PLTV/77777777/224/3221225785/index.m3u8?servicetype=1, From: subscribe, IPv_Type: ipv6, Location: 中国, ISP: 中国移动, Date: None, Delay: -1 ms, Speed: 0.00 M/s, Resolution: None
Name: 陕西卫视, URL: http://cdnrrs.gx.chinamobile.com/PLTV/77777777/224/3221225754/index.m3u8?servicetype=1, From: subscribe, IPv_Type: ipv6, Location: 中国, ISP: 中国移动, Date: None, Delay: -1 ms, Speed: 0.00 M/s, Resolution: None
Name: 四川卫视, URL: http://cdnrrs.gx.chinamobile.com/PLTV/77777777/224/3221225757/index.m3u8?servicetype=1, From: subscribe, IPv_Type: ipv6, Location: 中国, ISP: 中国移动, Date: None, Delay: -1 ms, Speed: 0.00 M/s, Resolution: None
Name: 深圳卫视, URL: http://cdnrrs.gx.chinamobile.com/PLTV/77777777/224/3221225951/index.m3u8?servicetype=1, From: subscribe, IPv_Type: ipv6, Location: 中国, ISP: 中国移动, Date: None, Delay: -1 ms, Speed: 0.00 M/s, Resolution: None
Name: 天津卫视, URL: http://cdnrrs.gx.chinamobile.com/PLTV/77777777/224/3221226022/index.m3u8?servicetype=1, From: subscribe, IPv_Type: ipv6, Location: 中国, ISP: 中国移动, Date: None, Delay: -1 ms, Speed: 0.00 M/s, Resolution: None
Name: 西藏卫视, URL: http://cdnrrs.gx.chinamobile.com/PLTV/77777777/224/3221225800/index.m3u8?servicetype=1, From: subscribe, IPv_Type: ipv6, Location: 中国, ISP: 中国移动, Date: None, Delay: -1 ms, Speed: 0.00 M/s, Resolution: None
Name: 新疆卫视, URL: http://cdnrrs.gx.chinamobile.com/PLTV/77777777/224/3221225788/index.m3u8?servicetype=1, From: subscribe, IPv_Type: ipv6, Location: 中国, ISP: 中国移动, Date: None, Delay: -1 ms, Speed: 0.00 M/s, Resolution: None
Name: 云南卫视, URL: http://cdnrrs.gx.chinamobile.com/PLTV/77777777/224/3221225794/index.m3u8?servicetype=1, From: subscribe, IPv_Type: ipv6, Location: 中国, ISP: 中国移动, Date: None, Delay: -1 ms, Speed: 0.00 M/s, Resolution: None
Name: 黑龙江卫视, URL: http://cdnrrs.gx.chinamobile.com/PLTV/77777777/224/3221226019/index.m3u8?servicetype=1, From: subscribe, IPv_Type: ipv6, Location: 中国, ISP: 中国移动, Date: None, Delay: -1 ms, Speed: 0.00 M/s, Resolution: None
Name: 卡酷动画, URL: http://cdnrrs.gx.chinamobile.com/PLTV/77777777/224/3221225730/index.m3u8?servicetype=1, From: subscribe, IPv_Type: ipv6, Location: 中国, ISP: 中国移动, Date: None, Delay: -1 ms, Speed: 0.00 M/s, Resolution: None
Name: 优漫卡通, URL: http://cdnrrs.gx.chinamobile.com/PLTV/77777777/224/3221225791/index.m3u8?servicetype=1, From: subscribe, IPv_Type: ipv6, Location: 中国, ISP: 中国移动, Date: None, Delay: -1 ms, Speed: 0.00 M/s, Resolution: None
Name: 金鹰卡通, URL: http://cdnrrs.gx.chinamobile.com/PLTV/77777777/224/3221225702/index.m3u8?servicetype=1, From: subscribe, IPv_Type: ipv6, Location: 中国, ISP: 中国移动, Date: None, Delay: -1 ms, Speed: 0.00 M/s, Resolution: None
Name: 广东卫视, URL: http://cdnrrs.gx.chinamobile.com/PLTV/77777777/224/3221225913/index.m3u8?servicetype=1, From: subscribe, IPv_Type: ipv6, Location: 中国, ISP: 中国移动, Date: None, Delay: -1 ms, Speed: 0.00 M/s, Resolution: None
Name: 大湾区卫视, URL: http://cdnrrs.gx.chinamobile.com/PLTV/77777777/224/3221225748/index.m3u8?servicetype=1, From: subscribe, IPv_Type: ipv6, Location: 中国, ISP: 中国移动, Date: None, Delay: -1 ms, Speed: 0.00 M/s, Resolution: None
Name: 深圳卫视, URL: http://cdnrrs.gx.chinamobile.com/PLTV/77777777/224/3221225951/index.m3u8?servicetype=1, From: subscribe, IPv_Type: ipv6, Location: 中国, ISP: 中国移动, Date: None, Delay: -1 ms, Speed: 0.00 M/s, Resolution: None
Name: 北海经济科教, URL: http://cdnrrs.gx.chinamobile.com/PLTV/77777777/224/3221226431/index.m3u8?servicetype=1, From: subscribe, IPv_Type: ipv6, Location: 中国, ISP: 中国移动, Date: None, Delay: -1 ms, Speed: 0.00 M/s, Resolution: None
Name: 南宁新闻综合, URL: http://cdnrrs.gx.chinamobile.com/PLTV/77777777/224/3221226341/index.m3u8?servicetype=1, From: subscribe, IPv_Type: ipv6, Location: 中国, ISP: 中国移动, Date: None, Delay: -1 ms, Speed: 0.00 M/s, Resolution: None
Name: 崇左综合, URL: http://cdnrrs.gx.chinamobile.com/PLTV/77777777/224/3221226351/index.m3u8?servicetype=1, From: subscribe, IPv_Type: ipv6, Location: 中国, ISP: 中国移动, Date: None, Delay: -1 ms, Speed: 0.00 M/s, Resolution: None
Name: 来宾综合, URL: http://cdnrrs.gx.chinamobile.com/PLTV/77777777/224/3221226357/index.m3u8?servicetype=1, From: subscribe, IPv_Type: ipv6, Location: 中国, ISP: 中国移动, Date: None, Delay: -1 ms, Speed: 0.00 M/s, Resolution: None
Name: 贺州综合, URL: http://cdnrrs.gx.chinamobile.com/PLTV/77777777/224/3221226352/index.m3u8?servicetype=1, From: subscribe, IPv_Type: ipv6, Location: 中国, ISP: 中国移动, Date: None, Delay: -1 ms, Speed: 0.00 M/s, Resolution: None
Name: 广西新闻, URL: http://cdnrrs.gx.chinamobile.com/PLTV/77777777/224/3221226407/index.m3u8?servicetype=1, From: subscribe, IPv_Type: ipv6, Location: 中国, ISP: 中国移动, Date: None, Delay: -1 ms, Speed: 0.00 M/s, Resolution: None
Name: 北海新闻, URL: http://cdnrrs.gx.chinamobile.com/PLTV/77777777/224/3221226346/index.m3u8?servicetype=1, From: subscribe, IPv_Type: ipv6, Location: 中国, ISP: 中国移动, Date: None, Delay: -1 ms, Speed: 0.00 M/s, Resolution: None
Name: 南宁影视娱乐, URL: http://cdnrrs.gx.chinamobile.com/PLTV/77777777/224/3221226337/index.m3u8?servicetype=1, From: subscribe, IPv_Type: ipv6, Location: 中国, ISP: 中国移动, Date: None, Delay: -1 ms, Speed: 0.00 M/s, Resolution: None
Name: 北京卡酷少儿, URL: http://cdnrrs.gx.chinamobile.com/PLTV/77777777/224/3221225730/index.m3u8?servicetype=1, From: subscribe, IPv_Type: ipv6, Location: 中国, ISP: 中国移动, Date: None, Delay: -1 ms, Speed: 0.00 M/s, Resolution: None
Name: 新闻综合, URL: http://cdnrrs.gx.chinamobile.com/PLTV/77777777/224/3221226350/index.m3u8?servicetype=1, From: subscribe, IPv_Type: ipv6, Location: 中国, ISP: 中国移动, Date: None, Delay: -1 ms, Speed: 0.00 M/s, Resolution: None
Name: 优漫卡通, URL: http://cdnrrs.gx.chinamobile.com/PLTV/77777777/224/3221225791/index.m3u8?servicetype=1, From: subscribe, IPv_Type: ipv6, Location: 中国, ISP: 中国移动, Date: None, Delay: -1 ms, Speed: 0.00 M/s, Resolution: None
Name: 金鹰纪实, URL: http://cdnrrs.gx.chinamobile.com/PLTV/77777777/224/3221225699/index.m3u8?servicetype=1, From: subscribe, IPv_Type: ipv6, Location: 中国, ISP: 中国移动, Date: None, Delay: -1 ms, Speed: 0.00 M/s, Resolution: None
Name: 天津卫视, URL: http://cdnrrs.gx.chinamobile.com/PLTV/77777777/224/3221226022/index.m3u8?servicetype=1, From: subscribe, IPv_Type: ipv6, Location: 中国, ISP: 中国移动, Date: None, Delay: -1 ms, Speed: 0.00 M/s, Resolution: None
Name: 康巴卫视, URL: http://cdnrrs.gx.chinamobile.com/PLTV/77777777/224/3221226270/index.m3u8?servicetype=1, From: subscribe, IPv_Type: ipv6, Location: 中国, ISP: 中国移动, Date: None, Delay: -1 ms, Speed: 0.00 M/s, Resolution: None
Name: 厦门卫视, URL: http://cdnrrs.gx.chinamobile.com/PLTV/77777777/224/3221225823/index.m3u8?servicetype=1, From: subscribe, IPv_Type: ipv6, Location: 中国, ISP: 中国移动, Date: None, Delay: -1 ms, Speed: 0.00 M/s, Resolution: None
Name: 新疆卫视, URL: http://cdnrrs.gx.chinamobile.com/PLTV/77777777/224/3221225788/index.m3u8?servicetype=1, From: subscribe, IPv_Type: ipv6, Location: 中国, ISP: 中国移动, Date: None, Delay: -1 ms, Speed: 0.00 M/s, Resolution: None
Name: 延边卫视, URL: http://cdnrrs.gx.chinamobile.com/PLTV/77777777/224/3221226273/index.m3u8?servicetype=1, From: subscribe, IPv_Type: ipv6, Location: 中国, ISP: 中国移动, Date: None, Delay: -1 ms, Speed: 0.00 M/s, Resolution: None
Name: 安多卫视, URL: http://cdnrrs.gx.chinamobile.com/PLTV/77777777/224/3221226271/index.m3u8?servicetype=1, From: subscribe, IPv_Type: ipv6, Location: 中国, ISP: 中国移动, Date: None, Delay: -1 ms, Speed: 0.00 M/s, Resolution: None
Name: 凤凰中文, URL: http://cdnrrs.gx.chinamobile.com/PLTV/77777777/224/3221226331/index.m3u8?servicetype=1, From: subscribe, IPv_Type: ipv6, Location: 中国, ISP: 中国移动, Date: None, Delay: -1 ms, Speed: 0.00 M/s, Resolution: None
Name: CCTV-5, URL: http://cdnrrs.gx.chinamobile.com/PLTV/77777777/224/3221225801/index.m3u8?servicetype=1, From: subscribe, IPv_Type: ipv6, Location: 中国, ISP: 中国移动, Date: None, Delay: -1 ms, Speed: 0.00 M/s, Resolution: None
Name: CCTV-5+, URL: http://cdnrrs.gx.chinamobile.com/PLTV/77777777/224/3221225998/index.m3u8?servicetype=1, From: subscribe, IPv_Type: ipv6, Location: 中国, ISP: 中国移动, Date: None, Delay: -1 ms, Speed: 0.00 M/s, Resolution: None
Name: CCTV-15, URL: http://cdnrrs.gx.chinamobile.com/PLTV/77777777/224/3221225945/index.m3u8?servicetype=1, From: subscribe, IPv_Type: ipv6, Location: 中国, ISP: 中国移动, Date: None, Delay: -1 ms, Speed: 0.00 M/s, Resolution: None
